// Jest Snapshot v1, https://goo.gl/fbAQLP

exports[`ExpertProfileViewWrapper component tests should render ExpertProfileViewWrapper component 1`] = `<DocumentFragment />`;
