// Jest Snapshot v1, https://goo.gl/fbAQLP

exports[`PostCreationButton test should render properly 1`] = `
<DocumentFragment>
  <div
    class="MuiBox-root MuiBox-root-1"
  >
    <div
      class="MuiBox-root MuiBox-root-2"
    >
      <button
        class="MuiButtonBase-root MuiButton-root MuiButton-contained"
        style="margin-right: 10px;"
        tabindex="0"
        type="button"
      >
        <span
          class="MuiButton-label"
        >
          Попередній перегляд
        </span>
        <span
          class="MuiTouchRipple-root"
        />
      </button>
      <button
        class="MuiButtonBase-root MuiButton-root MuiButton-contained"
        tabindex="0"
        type="button"
      >
        <span
          class="MuiButton-label"
        >
          Зберегти
        </span>
        <span
          class="MuiTouchRipple-root"
        />
      </button>
    </div>
    <div
      class="MuiBox-root MuiBox-root-3"
    >
      <button
        class="MuiButtonBase-root MuiButton-root MuiButton-outlined"
        style="margin-right: 10px;"
        tabindex="0"
        type="button"
      >
        <span
          class="MuiButton-label"
        >
          Опублікувати
        </span>
        <span
          class="MuiTouchRipple-root"
        />
      </button>
    </div>
  </div>
</DocumentFragment>
`;
