// Jest Snapshot v1, https://goo.gl/fbAQLP

exports[`component renders properly with all props 1`] = `
<div
  class="MuiFormControl-root"
  data-testid="select"
>
  <div
    class="MuiInputBase-root MuiInput-root MuiInputBase-formControl MuiInput-formControl"
  >
    <div
      aria-haspopup="listbox"
      class="MuiSelect-root MuiSelect-select MuiSelect-selectMenu MuiInputBase-input MuiInput-input"
      role="button"
      tabindex="0"
    >
      <div>
        з
         
        31.12.1999
         
        по
         
        01.01.2000
      </div>
    </div>
    <input
      aria-hidden="true"
      class="MuiSelect-nativeInput"
      tabindex="-1"
      value=""
    />
    <svg
      aria-hidden="true"
      class="MuiSvgIcon-root MuiSelect-icon"
      focusable="false"
      viewBox="0 0 24 24"
    >
      <path
        d="M7 10l5 5 5-5z"
      />
    </svg>
  </div>
</div>
`;
