// Jest Snapshot v1, https://goo.gl/fbAQLP

exports[`Burger menu test should render properly 1`] = `
<DocumentFragment>
  <div>
    <button
      aria-label="Open drawer"
      class="MuiButtonBase-root MuiIconButton-root makeStyles-icon-1 MuiIconButton-edgeStart"
      data-testid="menuButton"
      tabindex="0"
      type="button"
    >
      <span
        class="MuiIconButton-label"
      >
        <svg
          aria-hidden="true"
          class="MuiSvgIcon-root makeStyles-menuIcon-2"
          focusable="false"
          viewBox="0 0 24 24"
        >
          <path
            d="M3 18h18v-2H3v2zm0-5h18v-2H3v2zm0-7v2h18V6H3z"
          />
        </svg>
      </span>
      <span
        class="MuiTouchRipple-root"
      />
    </button>
  </div>
</DocumentFragment>
`;
